gradlew.bat : . was unexpected at this time.
At line:1 char:1
+ & ".\gradlew.bat" build 2>&1 | Tee-Object -FilePath build_output.log
+ ~~~~~~~~~~~~~~~~~~~~~~~~~~~~
    + CategoryInfo          : NotSpecified: (. was unexpected at this t 
   ime.:String) [], RemoteException
    + FullyQualifiedErrorId : NativeCommandError
 
